// Jest Snapshot v1, https://goo.gl/fbAQLP

exports[`<Header/> snapshot should render correctly 1`] = `
<h1>
  Todo App
</h1>
`;
