// Jest Snapshot v1, https://goo.gl/fbAQLP

exports[`<AddTodoForm/> snapshot should render correctly 1`] = `
<section>
  <form
    onSubmit={[Function]}
  >
    <input />
    <button
      type="submit"
    >
      Add todo
    </button>
  </form>
</section>
`;
